<html>
<body>
<pre>
<h1>µVision Build Log</h1>
<h2>Project:</h2>
E:\v23be1r2\projects\arm\calculator\all.uvproj
Project File Date:  10/22/2023

<h2>Output:</h2>
Build target 'Target 1'
assembling Startup.s...
compiling timer.c...
compiling config.c...
compiling main.c...
compiling uart0_driver.c...
compiling uart1_driver.c...
compiling lcd4bit_driver.c...
compiling adc_driver.c...
compiling lcd8bit_driver.c...
linking...
Program Size: Code=7672 RO-data=220 RW-data=8 ZI-data=1256  
FromELF: creating hex file...
"all.axf" - 0 Error(s), 0 Warning(s).
